<html>
<body>
<pre>
<h1>µVision Build Log</h1>
<h2>Tool Versions:</h2>
IDE-Version: ¦ÌVision V5.35.0.0
Copyright (C) 2021 ARM Ltd and ARM Germany GmbH. All rights reserved.
License Information: aaa John, aaa, LIC=ZB4EI-T3Y6J-NNQAF-66R7M-P91MA-LMGDF
 
Tool Versions:
Toolchain:       MDK-ARM Plus  Version: 5.35.0.2
Toolchain Path:  C:\Keil_v5_2\ARM\ARMCC\Bin
C Compiler:      Armcc.exe V5.06 update 7 (build 960)
Assembler:       Armasm.exe V5.06 update 7 (build 960)
Linker/Locator:  ArmLink.exe V5.06 update 7 (build 960)
Library Manager: ArmAr.exe V5.06 update 7 (build 960)
Hex Converter:   FromElf.exe V5.06 update 7 (build 960)
CPU DLL:         SARMCM3.DLL V5.35.0.2
Dialog DLL:      DCM.DLL V1.17.3.0
Target DLL:      CMSIS_AGDI.dll V1.33.0.0
Dialog DLL:      TCM.DLL V1.53.0.0
 
<h2>Project:</h2>
C:\Users\John\Documents\amazon-freertos\amazon-freertos\projects\gd32\gd32207i-eval\ide\gd32207i-eval.uvprojx
Project File Date:  10/11/2021

<h2>Output:</h2>
*** Using Compiler 'V5.06 update 7 (build 960)', folder: 'C:\Keil_v5_2\ARM\ARMCC\Bin'
Rebuild target 'gd32207i-eval'
compiling list.c...
compiling croutine.c...
compiling event_groups.c...
compiling queue.c...
compiling stream_buffer.c...
compiling heap_4.c...
compiling timers.c...
compiling tasks.c...
compiling port.c...
compiling main.c...
..\..\..\..\vendors\gd32\boards\gd32207i-eval\aws_tests\application_code\main.c(260): warning:  #177-D: function "prvWifiConnect"  was declared but never referenced
  void prvWifiConnect( void )
..\..\..\..\vendors\gd32\boards\gd32207i-eval\aws_tests\application_code\main.c: 1 warning, 0 errors
compiling unity.c...
compiling ButtonTask.c...
ButtonTask.c(82): warning:  #550-D: variable "xResult"  was set but never used
      MQTTStatus_t xResult = MQTTSuccess;
ButtonTask.c(85): warning:  #177-D: variable "ulTopicCount"  was declared but never referenced
      uint32_t ulTopicCount = 0U;
ButtonTask.c(94): warning:  #177-D: variable "ulTopicCount"  was declared but never referenced
      uint32_t ulTopicCount = 0U;
ButtonTask.c(138): warning:  #181-D: argument is incompatible with corresponding format string conversion
          printf("Incoming: %.*s\r\n", pDeserializedInfo->pPublishInfo->payloadLength, pDeserializedInfo->pPublishInfo->pPayload);
ButtonTask.c: 4 warnings, 0 errors
compiling iot_system_init.c...
compiling unity_fixture.c...
compiling aesni.c...
compiling iot_crypto.c...
compiling arc4.c...
compiling aria.c...
compiling aes.c...
compiling asn1parse.c...
compiling asn1write.c...
compiling base64.c...
compiling blowfish.c...
compiling camellia.c...
compiling ccm.c...
compiling certs.c...
compiling bignum.c...
compiling chacha20.c...
compiling chachapoly.c...
compiling cmac.c...
compiling cipher_wrap.c...
compiling cipher.c...
compiling debug.c...
compiling ctr_drbg.c...
compiling des.c...
compiling dhm.c...
compiling ecdh.c...
compiling ecjpake.c...
compiling ecdsa.c...
compiling ecp_curves.c...
compiling entropy.c...
compiling ecp.c...
..\..\..\..\libraries\3rdparty\mbedtls\library\ecp.c(209): warning:  #188-D: enumerated type mixed with another type
      const mbedtls_md_type_t md_type = mbedtls_md_list()[0];
..\..\..\..\libraries\3rdparty\mbedtls\library\ecp.c: 1 warning, 0 errors
compiling entropy_poll.c...
compiling havege.c...
compiling gcm.c...
compiling hkdf.c...
compiling error.c...
compiling hmac_drbg.c...
compiling md.c...
compiling md_wrap.c...
compiling md4.c...
compiling md2.c...
compiling net_sockets.c...
compiling md5.c...
compiling memory_buffer_alloc.c...
compiling padlock.c...
compiling nist_kw.c...
compiling oid.c...
compiling pem.c...
compiling pk.c...
compiling pkcs11.c...
compiling pk_wrap.c...
compiling pkcs5.c...
compiling pkcs12.c...
compiling platform.c...
compiling pkwrite.c...
compiling pkparse.c...
compiling platform_util.c...
compiling poly1305.c...
compiling rsa_internal.c...
compiling ripemd160.c...
compiling rsa.c...
compiling sha1.c...
compiling sha256.c...
compiling sha512.c...
compiling ssl_cache.c...
compiling ssl_ciphersuites.c...
compiling ssl_cookie.c...
compiling ssl_cli.c...
compiling ssl_ticket.c...
compiling ssl_srv.c...
compiling timing.c...
compiling threading.c...
compiling version.c...
compiling version_features.c...
compiling x509_create.c...
compiling x509.c...
compiling x509_crl.c...
compiling ssl_tls.c...
compiling x509_crt.c...
compiling x509_csr.c...
compiling x509write_crt.c...
compiling xtea.c...
compiling x509write_csr.c...
compiling BufferAllocation_2.c...
compiling FreeRTOS_ARP.c...
compiling FreeRTOS_DHCP.c...
compiling FreeRTOS_DNS.c...
compiling FreeRTOS_IP.c...
..\..\..\..\libraries\freertos_plus\standard\freertos_plus_tcp\FreeRTOS_IP.c(2334): warning:  #550-D: variable "pxProtPack"  was set but never used
          const ProtocolPacket_t * pxProtPack;
..\..\..\..\libraries\freertos_plus\standard\freertos_plus_tcp\FreeRTOS_IP.c(2341): warning:  #550-D: variable "xLocation"  was set but never used
          DEBUG_DECLARE_TRACE_VARIABLE( BaseType_t, xLocation, 0 );
..\..\..\..\libraries\freertos_plus\standard\freertos_plus_tcp\FreeRTOS_IP.c(2486): warning:  #550-D: variable "xLocation"  was set but never used
      DEBUG_DECLARE_TRACE_VARIABLE( BaseType_t, xLocation, 0 );
..\..\..\..\libraries\freertos_plus\standard\freertos_plus_tcp\FreeRTOS_IP.c: 3 warnings, 0 errors
compiling FreeRTOS_Stream_Buffer.c...
compiling FreeRTOS_Sockets.c...
..\..\..\..\libraries\freertos_plus\standard\freertos_plus_tcp\FreeRTOS_Sockets.c(1867): warning:  #191-D: type qualifier is meaningless on cast type
                          pxSocket->pxUserWakeCallback = ( const SocketWakeupCallback_t ) pvOptionValue;
..\..\..\..\libraries\freertos_plus\standard\freertos_plus_tcp\FreeRTOS_Sockets.c: 1 warning, 0 errors
compiling FreeRTOS_TCP_WIN.c...
compiling FreeRTOS_UDP_IP.c...
compiling FreeRTOS_TCP_IP.c...
compiling iot_secure_sockets.c...
..\..\..\..\libraries\abstractions\secure_sockets\freertos_plus_tcp\iot_secure_sockets.c(534): warning:  #177-D: function "prvSocketsGetCryptoSession"  was declared but never referenced
  static CK_RV prvSocketsGetCryptoSession( SemaphoreHandle_t * pxSessionLock,
..\..\..\..\libraries\abstractions\secure_sockets\freertos_plus_tcp\iot_secure_sockets.c: 1 warning, 0 errors
compiling gd32f20x_enet_eval.c...
compiling NetworkInterface.c...
compiling core_pkcs11.c...
compiling core_pki_utils.c...
compiling iot_tls.c...
..\..\..\..\libraries\freertos_plus\standard\tls\src\iot_tls.c(64): warning:  #177-D: variable "pNoHighLevelMbedTlsCodeStr"  was declared but never referenced
  static const char * pNoHighLevelMbedTlsCodeStr = "<No-High-Level-Code>";
..\..\..\..\libraries\freertos_plus\standard\tls\src\iot_tls.c(70): warning:  #177-D: variable "pNoLowLevelMbedTlsCodeStr"  was declared but never referenced
  static const char * pNoLowLevelMbedTlsCodeStr = "<No-Low-Level-Code>";
..\..\..\..\libraries\freertos_plus\standard\tls\src\iot_tls.c: 2 warnings, 0 errors
compiling core_pkcs11_mbedtls.c...
..\..\..\..\libraries\abstractions\pkcs11\corePKCS11\source\portable\mbedtls\core_pkcs11_mbedtls.c(78): warning:  #177-D: variable "pNoHighLevelMbedTlsCodeStr"  was declared but never referenced
      static const char * pNoHighLevelMbedTlsCodeStr = "<No-High-Level-Code>";
..\..\..\..\libraries\abstractions\pkcs11\corePKCS11\source\portable\mbedtls\core_pkcs11_mbedtls.c(84): warning:  #177-D: variable "pNoLowLevelMbedTlsCodeStr"  was declared but never referenced
      static const char * pNoLowLevelMbedTlsCodeStr = "<No-Low-Level-Code>";
..\..\..\..\libraries\abstractions\pkcs11\corePKCS11\source\portable\mbedtls\core_pkcs11_mbedtls.c: 2 warnings, 0 errors
compiling aws_test.c...
compiling core_pkcs11_pal.c...
compiling iot_test_tcp.c...
compiling aws_test_framework.c...
compiling aws_test_runner.c...
compiling iot_test_freertos.c...
compiling iot_tests_network.c...
..\..\..\..\tests\common\iot_tests_network.c(38): warning:  #550-D: variable "_IotTestNetworkType"  was set but never used
  static uint16_t _IotTestNetworkType = AWSIOT_NETWORK_TYPE_WIFI;
..\..\..\..\tests\common\iot_tests_network.c: 1 warning, 0 errors
compiling transport_secure_sockets.c...
compiling core_mqtt.c...
compiling core_mqtt_state.c...
compiling core_mqtt_serializer.c...
compiling backoff_algorithm.c...
compiling core_mqtt_agent.c...
compiling core_mqtt_agent_command_functions.c...
compiling core_mqtt_system_test.c...
..\..\..\..\tests\integration_test\core_mqtt_system_test.c(465): warning:  #1295-D: Deprecated declaration getTimeMs - give arg types
  static uint32_t getTimeMs();
..\..\..\..\tests\integration_test\core_mqtt_system_test.c(589): warning:  #1295-D: Deprecated declaration generateRandomNumber - give arg types
  static uint32_t generateRandomNumber();
..\..\..\..\tests\integration_test\core_mqtt_system_test.c(610): warning:  #1295-D: Deprecated declaration startPersistentSession - give arg types
  static void startPersistentSession();
..\..\..\..\tests\integration_test\core_mqtt_system_test.c(618): warning:  #1295-D: Deprecated declaration resumePersistentSession - give arg types
  static void resumePersistentSession();
..\..\..\..\tests\integration_test\core_mqtt_system_test.c(803): warning:  #127-D: expected a statement
      }
..\..\..\..\tests\integration_test\core_mqtt_system_test.c(857): warning:  #513-D: a value of type "uint8_t *" cannot be assigned to an entity of type "const char *"
              incomingInfo.pTopicName = incomingTopicBuffer;
..\..\..\..\tests\integration_test\core_mqtt_system_test.c: 6 warnings, 0 errors
compiling gd32f207i_eval.c...
compiling gd32f20x_cau.c...
compiling gd32f20x_crc.c...
compiling gd32f20x_dma.c...
compiling gd32f20x_exti.c...
compiling gd32f20x_enet.c...
compiling gd32f20x_fmc.c...
compiling gd32f20x_gpio.c...
compiling gd32f20x_hau.c...
compiling gd32f20x_misc.c...
compiling gd32f20x_pmu.c...
compiling gd32f20x_rcu.c...
compiling gd32f20x_rtc.c...
compiling gd32f20x_timer.c...
compiling gd32f20x_trng.c...
assembling startup_gd32f20x_cl.s...
compiling gd32f20x_usart.c...
compiling system_gd32f20x.c...
linking...
Program Size: Code=237860 RO-data=56536 RW-data=864 ZI-data=216288  
".\Objects\gd32207i-eval.axf" - 0 Error(s), 22 Warning(s).

<h2>Software Packages used:</h2>

Package Vendor: ARM
                http://www.keil.com/pack/ARM.CMSIS.5.8.0.pack
                ARM.CMSIS.5.8.0
                CMSIS (Common Microcontroller Software Interface Standard)
   * Component: CORE Version: 5.5.0

Package Vendor: GigaDevice
                http://gd32mcu.com/data/documents/pack/GigaDevice.GD32F20x_DFP.2.2.0.pack
                GigaDevice.GD32F20x_DFP.2.2.0
                GigaDevice GD32F20x Series Device Support and Examples
   * Component: GD32F207i Version: 2.2.0
   * Component: CAU Version: 2.2.0
   * Component: CRC Version: 2.2.0
   * Component: DMA Version: 2.2.0
   * Component: ENET Version: 2.2.0
   * Component: EXTI Version: 2.2.0
   * Component: FMC Version: 2.2.0
   * Component: GPIO Version: 2.2.0
   * Component: HAU Version: 2.2.0
   * Component: MISC Version: 2.2.0
   * Component: PMU Version: 2.2.0
   * Component: RCU Version: 2.2.0
   * Component: RTC Version: 2.2.0
   * Component: TIMER Version: 2.2.0
   * Component: TRNG Version: 2.2.0
   * Component: USART Version: 2.2.0
   * Component: GD32F20x_libopt Version: 2.2.0
   * Component: Startup Version: 2.2.0

<h2>Collection of Component include folders:</h2>
  .\RTE\_gd32207i-eval
  C:\Keil_v5_2\Arm\Packs\ARM\CMSIS\5.8.0\CMSIS\Core\Include
  C:\Keil_v5_2\Arm\Packs\GigaDevice\GD32F20x_DFP\2.2.0\Device\Firmware\Peripherals\inc
  C:\Keil_v5_2\Arm\Packs\GigaDevice\GD32F20x_DFP\2.2.0\Device\Include
  C:\Keil_v5_2\Arm\Packs\GigaDevice\GD32F20x_DFP\2.2.0\Device\Utilities

<h2>Collection of Component Files used:</h2>

   * Component: ARM::CMSIS:CORE:5.5.0

   * Component: GigaDevice::Device:EVAL:GD32F207i:2.2.0
      Include file:  Device\Utilities\gd32f207i_eval.h
      Source file:   Device\Utilities\gd32f207i_eval.c

   * Component: GigaDevice::Device:GD32F20x_StdPeripherals:CAU:2.2.0
      Include file:  Device\Firmware\Peripherals\inc\gd32f20x_cau.h
      Source file:   Device\Firmware\Peripherals\src\gd32f20x_cau.c

   * Component: GigaDevice::Device:GD32F20x_StdPeripherals:CRC:2.2.0
      Source file:   Device\Firmware\Peripherals\src\gd32f20x_crc.c
      Include file:  Device\Firmware\Peripherals\inc\gd32f20x_crc.h

   * Component: GigaDevice::Device:GD32F20x_StdPeripherals:DMA:2.2.0
      Include file:  Device\Firmware\Peripherals\inc\gd32f20x_dma.h
      Source file:   Device\Firmware\Peripherals\src\gd32f20x_dma.c

   * Component: GigaDevice::Device:GD32F20x_StdPeripherals:ENET:2.2.0
      Source file:   Device\Firmware\Peripherals\src\gd32f20x_enet.c
      Include file:  Device\Firmware\Peripherals\inc\gd32f20x_enet.h

   * Component: GigaDevice::Device:GD32F20x_StdPeripherals:EXTI:2.2.0
      Include file:  Device\Firmware\Peripherals\inc\gd32f20x_exti.h
      Source file:   Device\Firmware\Peripherals\src\gd32f20x_exti.c

   * Component: GigaDevice::Device:GD32F20x_StdPeripherals:FMC:2.2.0
      Include file:  Device\Firmware\Peripherals\inc\gd32f20x_fmc.h
      Source file:   Device\Firmware\Peripherals\src\gd32f20x_fmc.c

   * Component: GigaDevice::Device:GD32F20x_StdPeripherals:GPIO:2.2.0
      Source file:   Device\Firmware\Peripherals\src\gd32f20x_gpio.c
      Include file:  Device\Firmware\Peripherals\inc\gd32f20x_gpio.h

   * Component: GigaDevice::Device:GD32F20x_StdPeripherals:HAU:2.2.0
      Include file:  Device\Firmware\Peripherals\inc\gd32f20x_hau.h
      Source file:   Device\Firmware\Peripherals\src\gd32f20x_hau.c

   * Component: GigaDevice::Device:GD32F20x_StdPeripherals:MISC:2.2.0
      Include file:  Device\Firmware\Peripherals\inc\gd32f20x_misc.h
      Source file:   Device\Firmware\Peripherals\src\gd32f20x_misc.c

   * Component: GigaDevice::Device:GD32F20x_StdPeripherals:PMU:2.2.0
      Include file:  Device\Firmware\Peripherals\inc\gd32f20x_pmu.h
      Source file:   Device\Firmware\Peripherals\src\gd32f20x_pmu.c

   * Component: GigaDevice::Device:GD32F20x_StdPeripherals:RCU:2.2.0
      Include file:  Device\Firmware\Peripherals\inc\gd32f20x_rcu.h
      Source file:   Device\Firmware\Peripherals\src\gd32f20x_rcu.c

   * Component: GigaDevice::Device:GD32F20x_StdPeripherals:RTC:2.2.0
      Include file:  Device\Firmware\Peripherals\inc\gd32f20x_rtc.h
      Source file:   Device\Firmware\Peripherals\src\gd32f20x_rtc.c

   * Component: GigaDevice::Device:GD32F20x_StdPeripherals:TIMER:2.2.0
      Include file:  Device\Firmware\Peripherals\inc\gd32f20x_timer.h
      Source file:   Device\Firmware\Peripherals\src\gd32f20x_timer.c

   * Component: GigaDevice::Device:GD32F20x_StdPeripherals:TRNG:2.2.0
      Source file:   Device\Firmware\Peripherals\src\gd32f20x_trng.c
      Include file:  Device\Firmware\Peripherals\inc\gd32f20x_trng.h

   * Component: GigaDevice::Device:GD32F20x_StdPeripherals:USART:2.2.0
      Include file:  Device\Firmware\Peripherals\inc\gd32f20x_usart.h
      Source file:   Device\Firmware\Peripherals\src\gd32f20x_usart.c

   * Component: GigaDevice::Device:GD32F20x_libopt:2.2.0
      Include file:  Device\Include\gd32f20x_libopt.h

   * Component: GigaDevice::Device:Startup:2.2.0
      Include file:  Device\Include\gd32f20x.h
      Source file:   Device\Source\ARM\startup_gd32f20x_cl.s
      Source file:   Device\Source\system_gd32f20x.c
Build Time Elapsed:  00:00:31
</pre>
</body>
</html>
